// Jest Snapshot v1, https://goo.gl/fbAQLP

exports[`should correctly render ExpensesSummary with 1 expense 1`] = `
<expensesSummary
  expenseCount={1}
  expensesTotal={3478}
/>
`;

exports[`should correctly render ExpensesSummary with multiple expenses 1`] = `
<expensesSummary
  expenseCount={23}
  expensesTotal={6345645744879}
/>
`;
